// Jest Snapshot v1, https://goo.gl/fbAQLP

exports[`<Form /> should render the heading 1`] = `
.c0 .sc-bdnxRM {
  margin: 0.8rem;
}

.c0 .sc-gKAaRy {
  margin: 2.4rem auto 1.6rem;
}

.c1 {
  font-size: 1.2rem;
  color: #030517;
  text-align: center;
}

.c1 a {
  color: #3CD3C1;
  -webkit-text-decoration: none;
  text-decoration: none;
  border-bottom: 0.1rem solid #3CD3C1;
  -webkit-transition: color,border,0.1s ease-in-out;
  transition: color,border,0.1s ease-in-out;
  margin-left: 0.8rem;
}

.c1 a:hover {
  color: #29b3a3;
  border-bottom: 0.1rem solid #29b3a3;
}

<body>
  <div>
    <div
      class="c0"
    >
      <div
        class="c1"
      >
        My nice 
        <a
          href="#"
        >
          link
        </a>
      </div>
    </div>
  </div>
</body>
`
